user: No books in system.

user: No books in system.

user: Successfully added: To Kill a Mockingbird (Harper Lee).

user: To Kill a Mockingbird (Harper Lee)

user: 111111: To Kill a Mockingbird (Harper Lee, Historical Fiction)
Currently available.

user: No rental history.

user: Success.

user: Success.

user: 111111: To Kill a Mockingbird (Harper Lee, Historical Fiction)
Rented by: 100000.

user: Ending Library process.
