user: 26 books successfully added.

user: Success.

user: Success.

user: No such member in system.

user: No such member in system.

user: No common books.

user: Success.

user: Success.

user: Success.

user: Success.

user: Success.

user: Success.

user: Success.

user: Success.

user: Success.

user: Success.

user: Biggles in the Battle (W.E. Johns)
Aeneid (Virgil)
Halloween (Jamie Lee Curtis)

user: Success.

user: Success.

user: Success.

user: Success.

user: Harry Potter 5 (J.K. Rowling)
Harry Potter 4 (J.K. Rowling)
Biggles in the Battle (W.E. Johns)
Aeneid (Virgil)
Halloween (Jamie Lee Curtis)
To Kill a Mockingbird (Harper Lee)

user: Biggles in the Battle (W.E. Johns)
Aeneid (Virgil)
Halloween (Jamie Lee Curtis)
To Kill a Mockingbird (Harper Lee)

user: Biggles in the Battle (W.E. Johns)
Aeneid (Virgil)
Halloween (Jamie Lee Curtis)

user: Ending Library process.
