user: No members in system.

user: No members in system.

user: No members in system.

user: No members in system.

user: No members in system.

user: No members in system.

user: No members in system.

user: Ending Library process.
