user: 26 books successfully added.

user: Success.

user: Success.

user: Success.

user: Success.

user: Success.

user: Success.

user: Success.

user: No rental history.

user: No rental history.

user: No rental history.

user: No rental history.

user: No rental history.

user: Harry Potter 5 (J.K. Rowling)
Harry Potter 4 (J.K. Rowling)

user: Biggles in the Battle (W.E. Johns)
Aeneid (Virgil)
Halloween (Jamie Lee Curtis)

user: No rental history for member.

user: No rental history for member.

user: No such member in system.

user: No such book in system.

user: No such book in system.

user: No rental history.

user: No rental history.

user: No rental history.

user: No rental history.

user: No rental history.

user: Harry Potter 5 (J.K. Rowling)
Harry Potter 4 (J.K. Rowling)

user: Biggles in the Battle (W.E. Johns)
Aeneid (Virgil)
Halloween (Jamie Lee Curtis)

user: No rental history for member.

user: No rental history for member.

user: Success.

user: 100000

user: No rental history.

user: No rental history.

user: No rental history.

user: No rental history.

user: Harry Potter 4 (J.K. Rowling)

user: Biggles in the Battle (W.E. Johns)
Aeneid (Virgil)
Halloween (Jamie Lee Curtis)

user: Harry Potter 5 (J.K. Rowling)

user: No rental history for member.

user: No such member in system.

user: Success.

user: 100000

user: No rental history.

user: 100001

user: 100001

user: 100001

user: Harry Potter 4 (J.K. Rowling)

user: Member not currently renting.

user: Harry Potter 5 (J.K. Rowling)

user: Biggles in the Battle (W.E. Johns)
Aeneid (Virgil)
Halloween (Jamie Lee Curtis)

user: Ending Library process.
